#-----------------------------------------------------------
# Vivado v2019.1 (64-bit)
# SW Build 2552052 on Fri May 24 14:49:42 MDT 2019
# IP Build 2548770 on Fri May 24 18:01:18 MDT 2019
# Start of session at: Tue Dec  9 03:59:02 2025
# Process ID: 10988
# Current directory: D:/Grade3/myCPU1
# Command line: vivado.exe -gui_launcher_event rodinguilauncherevent8556 D:\Grade3\myCPU1\CPUfpga.xpr
# Log file: D:/Grade3/myCPU1/vivado.log
# Journal file: D:/Grade3/myCPU1\vivado.jou
#-----------------------------------------------------------
start_gui
open_project D:/Grade3/myCPU1/CPUfpga.xpr
Scanning sources...
Finished scanning sources
INFO: [IP_Flow 19-234] Refreshing IP repositories
INFO: [IP_Flow 19-1704] No user IP repositories specified
INFO: [IP_Flow 19-2313] Loaded Vivado IP repository 'D:/vivado129/Vivado/2019.1/data/ip'.
open_project: Time (s): cpu = 00:00:03 ; elapsed = 00:00:08 . Memory (MB): peak = 843.598 ; gain = 193.258
update_compile_order -fileset sources_1
open_hw
connect_hw_server
INFO: [Labtools 27-2285] Connecting to hw_server url TCP:localhost:3121
INFO: [Labtools 27-2222] Launching hw_server...
INFO: [Labtools 27-2221] Launch Output:

****** Xilinx hw_server v2019.1
  **** Build date : May 24 2019 at 15:13:31
    ** Copyright 1986-2019 Xilinx, Inc. All Rights Reserved.


open_hw_target
INFO: [Labtoolstcl 44-466] Opening hw_target localhost:3121/xilinx_tcf/Xilinx/1234-tulA
ERROR: [Labtools 27-2269] No devices detected on target localhost:3121/xilinx_tcf/Xilinx/1234-tulA.
Check cable connectivity and that the target board is powered up then
use the disconnect_hw_server and connect_hw_server to re-register this hardware target.
ERROR: [Common 17-39] 'open_hw_target' failed due to earlier errors.
launch_simulation
INFO: [Vivado 12-5682] Launching behavioral simulation in 'D:/Grade3/myCPU1/CPUfpga.sim/sim_1/behav/xsim'
INFO: [SIM-utils-51] Simulation object is 'sim_1'
INFO: [SIM-utils-54] Inspecting design source files for 'testbench' in fileset 'sim_1'...
INFO: [USF-XSim-97] Finding global include files...
INFO: [USF-XSim-98] Fetching design files from 'sim_1'...
INFO: [USF-XSim-2] XSim::Compile design
INFO: [USF-XSim-61] Executing 'COMPILE and ANALYZE' step in 'D:/Grade3/myCPU1/CPUfpga.sim/sim_1/behav/xsim'
"xvlog --incr --relax -prj testbench_vlog.prj"
INFO: [VRFC 10-2263] Analyzing Verilog file "D:/Grade3/myCPU1/CPUfpga.srcs/sources_1/imports/TINYCPU/core/stage/ex/Adder.v" into library xil_defaultlib
INFO: [VRFC 10-311] analyzing module Adder
INFO: [VRFC 10-2263] Analyzing Verilog file "D:/Grade3/myCPU1/CPUfpga.srcs/sources_1/imports/TINYCPU/core/stage/id/BranchGen.v" into library xil_defaultlib
INFO: [VRFC 10-311] analyzing module BranchGen
INFO: [VRFC 10-2263] Analyzing Verilog file "D:/Grade3/myCPU1/CPUfpga.srcs/sources_1/imports/core/Core.v" into library xil_defaultlib
INFO: [VRFC 10-311] analyzing module Core
INFO: [VRFC 10-2263] Analyzing Verilog file "D:/Grade3/myCPU1/CPUfpga.srcs/sources_1/imports/TINYCPU/core/stage/ex/Divider/Divider.v" into library xil_defaultlib
INFO: [VRFC 10-311] analyzing module Divider
INFO: [VRFC 10-2263] Analyzing Verilog file "D:/Grade3/myCPU1/CPUfpga.srcs/sources_1/imports/TINYCPU/core/stage/ex/Divider/Done_gate.v" into library xil_defaultlib
INFO: [VRFC 10-311] analyzing module Done_gate
INFO: [VRFC 10-2263] Analyzing Verilog file "D:/Grade3/myCPU1/CPUfpga.srcs/sources_1/imports/TINYCPU/core/stage/ex/EX.v" into library xil_defaultlib
INFO: [VRFC 10-311] analyzing module EX
INFO: [VRFC 10-2263] Analyzing Verilog file "D:/Grade3/myCPU1/CPUfpga.srcs/sources_1/imports/TINYCPU/core/stage/ex/EXMEM.v" into library xil_defaultlib
INFO: [VRFC 10-311] analyzing module EXMEM
INFO: [VRFC 10-2263] Analyzing Verilog file "D:/Grade3/myCPU1/CPUfpga.srcs/sources_1/imports/TINYCPU/core/stage/id/FunctGen.v" into library xil_defaultlib
INFO: [VRFC 10-311] analyzing module FunctGen
INFO: [VRFC 10-2263] Analyzing Verilog file "D:/Grade3/myCPU1/CPUfpga.srcs/sources_1/imports/TINYCPU/core/storage/HILO.v" into library xil_defaultlib
INFO: [VRFC 10-311] analyzing module HILO
INFO: [VRFC 10-2263] Analyzing Verilog file "D:/Grade3/myCPU1/CPUfpga.srcs/sources_1/imports/TINYCPU/core/storage/HILOReadProxy.v" into library xil_defaultlib
INFO: [VRFC 10-311] analyzing module HILOReadProxy
INFO: [VRFC 10-2263] Analyzing Verilog file "D:/Grade3/myCPU1/CPUfpga.srcs/sources_1/imports/TINYCPU/core/stage/ex/Hilo_Gen.v" into library xil_defaultlib
INFO: [VRFC 10-311] analyzing module Hilo_Gen
INFO: [VRFC 10-2263] Analyzing Verilog file "D:/Grade3/myCPU1/CPUfpga.srcs/sources_1/imports/TINYCPU/core/stage/id/ID.v" into library xil_defaultlib
INFO: [VRFC 10-311] analyzing module ID
INFO: [VRFC 10-2263] Analyzing Verilog file "D:/Grade3/myCPU1/CPUfpga.srcs/sources_1/imports/TINYCPU/core/stage/id/IDEX.v" into library xil_defaultlib
INFO: [VRFC 10-311] analyzing module IDEX
INFO: [VRFC 10-2263] Analyzing Verilog file "D:/Grade3/myCPU1/CPUfpga.srcs/sources_1/imports/TINYCPU/core/stage/if/IFID.v" into library xil_defaultlib
INFO: [VRFC 10-311] analyzing module IFID
INFO: [VRFC 10-2263] Analyzing Verilog file "D:/Grade3/myCPU1/CPUfpga.srcs/sources_1/imports/TINYCPU/core/stage/ex/Logic.v" into library xil_defaultlib
INFO: [VRFC 10-311] analyzing module Logic
INFO: [VRFC 10-2263] Analyzing Verilog file "D:/Grade3/myCPU1/CPUfpga.srcs/sources_1/imports/TINYCPU/core/stage/mem/MEM.v" into library xil_defaultlib
INFO: [VRFC 10-311] analyzing module MEM
INFO: [VRFC 10-2263] Analyzing Verilog file "D:/Grade3/myCPU1/CPUfpga.srcs/sources_1/imports/TINYCPU/core/stage/mem/MEMWB.v" into library xil_defaultlib
INFO: [VRFC 10-311] analyzing module MEMWB
INFO: [VRFC 10-2263] Analyzing Verilog file "D:/Grade3/myCPU1/CPUfpga.srcs/sources_1/imports/TINYCPU/core/stage/id/MemGen.v" into library xil_defaultlib
INFO: [VRFC 10-311] analyzing module MemGen
INFO: [VRFC 10-2263] Analyzing Verilog file "D:/Grade3/myCPU1/CPUfpga.srcs/sources_1/imports/TINYCPU/core/stage/ex/Multiplier/Multiplier.v" into library xil_defaultlib
INFO: [VRFC 10-311] analyzing module Multiplier
INFO: [VRFC 10-2263] Analyzing Verilog file "D:/Grade3/myCPU1/CPUfpga.srcs/sources_1/imports/TINYCPU/core/stage/ex/Mux.v" into library xil_defaultlib
INFO: [VRFC 10-311] analyzing module Mux
INFO: [VRFC 10-2263] Analyzing Verilog file "D:/Grade3/myCPU1/CPUfpga.srcs/sources_1/imports/TINYCPU/fpga/Mycpu_top.v" into library xil_defaultlib
INFO: [VRFC 10-311] analyzing module Mycpu_top
INFO: [VRFC 10-2263] Analyzing Verilog file "D:/Grade3/myCPU1/CPUfpga.srcs/sources_1/imports/TINYCPU/core/stage/id/OperandGen.v" into library xil_defaultlib
INFO: [VRFC 10-311] analyzing module OperandGen
INFO: [VRFC 10-2263] Analyzing Verilog file "D:/Grade3/myCPU1/CPUfpga.srcs/sources_1/imports/TINYCPU/core/stage/if/PC.v" into library xil_defaultlib
INFO: [VRFC 10-311] analyzing module PC
INFO: [VRFC 10-2263] Analyzing Verilog file "D:/Grade3/myCPU1/CPUfpga.srcs/sources_1/imports/TINYCPU/core/pipeline/PipelineController.v" into library xil_defaultlib
INFO: [VRFC 10-311] analyzing module PipelineController
INFO: [VRFC 10-2263] Analyzing Verilog file "D:/Grade3/myCPU1/CPUfpga.srcs/sources_1/imports/TINYCPU/core/pipeline/PipelineDeliver.v" into library xil_defaultlib
INFO: [VRFC 10-311] analyzing module PipelineDeliver
INFO: [VRFC 10-2263] Analyzing Verilog file "D:/Grade3/myCPU1/CPUfpga.srcs/sources_1/imports/TINYCPU/sim/RAM.v" into library xil_defaultlib
INFO: [VRFC 10-311] analyzing module RAM
INFO: [VRFC 10-2263] Analyzing Verilog file "D:/Grade3/myCPU1/CPUfpga.srcs/sources_1/imports/TINYCPU/sim/ROM.v" into library xil_defaultlib
INFO: [VRFC 10-311] analyzing module ROM
INFO: [VRFC 10-2263] Analyzing Verilog file "D:/Grade3/myCPU1/CPUfpga.srcs/sources_1/imports/TINYCPU/core/storage/RegFile.v" into library xil_defaultlib
INFO: [VRFC 10-311] analyzing module RegFile
INFO: [VRFC 10-2263] Analyzing Verilog file "D:/Grade3/myCPU1/CPUfpga.srcs/sources_1/imports/TINYCPU/core/stage/id/RegGen.v" into library xil_defaultlib
INFO: [VRFC 10-311] analyzing module RegGen
INFO: [VRFC 10-2263] Analyzing Verilog file "D:/Grade3/myCPU1/CPUfpga.srcs/sources_1/imports/TINYCPU/core/storage/RegReadProxy.v" into library xil_defaultlib
INFO: [VRFC 10-311] analyzing module RegReadProxy
INFO: [VRFC 10-2458] undeclared symbol ex_flag, assumed default net type wire [D:/Grade3/myCPU1/CPUfpga.srcs/sources_1/imports/TINYCPU/core/storage/RegReadProxy.v:44]
INFO: [VRFC 10-2458] undeclared symbol mem_flag, assumed default net type wire [D:/Grade3/myCPU1/CPUfpga.srcs/sources_1/imports/TINYCPU/core/storage/RegReadProxy.v:45]
INFO: [VRFC 10-2263] Analyzing Verilog file "D:/Grade3/myCPU1/CPUfpga.srcs/sources_1/imports/TINYCPU/core/stage/wb/WB.v" into library xil_defaultlib
INFO: [VRFC 10-311] analyzing module WB
INFO: [VRFC 10-2263] Analyzing Verilog file "D:/Grade3/myCPU1/CPUfpga.srcs/sources_1/imports/TINYCPU/core/stage/ex/Divider/cas.v" into library xil_defaultlib
INFO: [VRFC 10-311] analyzing module cas
INFO: [VRFC 10-2263] Analyzing Verilog file "D:/Grade3/myCPU1/CPUfpga.srcs/sources_1/imports/TINYCPU/core/stage/ex/Divider/cas_row.v" into library xil_defaultlib
INFO: [VRFC 10-311] analyzing module cas_row
INFO: [VRFC 10-2263] Analyzing Verilog file "D:/Grade3/myCPU1/CPUfpga.srcs/sources_1/imports/TINYCPU/core/stage/ex/Multiplier/full_adder.v" into library xil_defaultlib
INFO: [VRFC 10-311] analyzing module full_adder
INFO: [VRFC 10-2263] Analyzing Verilog file "D:/Grade3/myCPU1/CPUfpga.srcs/sources_1/imports/TINYCPU/core/stage/ex/Multiplier/rca.v" into library xil_defaultlib
INFO: [VRFC 10-311] analyzing module rca
INFO: [VRFC 10-2263] Analyzing Verilog file "D:/Grade3/myCPU1/CPUfpga.srcs/sim_1/new/testbench.v" into library xil_defaultlib
INFO: [VRFC 10-311] analyzing module testbench
INFO: [USF-XSim-69] 'compile' step finished in '3' seconds
INFO: [USF-XSim-3] XSim::Elaborate design
INFO: [USF-XSim-61] Executing 'ELABORATE' step in 'D:/Grade3/myCPU1/CPUfpga.sim/sim_1/behav/xsim'
"xelab -wto 9c825680f0e8435bb22812ec989472e6 --incr --debug typical --relax --mt 2 -L xil_defaultlib -L unisims_ver -L unimacro_ver -L secureip --snapshot testbench_behav xil_defaultlib.testbench xil_defaultlib.glbl -log elaborate.log"
Vivado Simulator 2019.1
Copyright 1986-1999, 2001-2019 Xilinx, Inc. All Rights Reserved.
Running: D:/vivado129/Vivado/2019.1/bin/unwrapped/win64.o/xelab.exe -wto 9c825680f0e8435bb22812ec989472e6 --incr --debug typical --relax --mt 2 -L xil_defaultlib -L unisims_ver -L unimacro_ver -L secureip --snapshot testbench_behav xil_defaultlib.testbench xil_defaultlib.glbl -log elaborate.log 
Using 2 slave threads.
WARNING: [XSIM 43-3431] One or more environment variables have been detected which affect the operation of the C compiler. These are typically not set in standard installations and are not tested by Xilinx, however they may be appropriate for your system, so the flow will attempt to continue.  If errors occur, try running xelab with the "-mt off -v 1" switches to see more information from the C compiler. The following environment variables have been detected:
    C_INCLUDE_PATH
Starting static elaboration
Completed static elaboration
Starting simulation data flow analysis
Completed simulation data flow analysis
Time Resolution for simulation is 1ps
Compiling module xil_defaultlib.ROM
Compiling module xil_defaultlib.RAM
Compiling module xil_defaultlib.PC
Compiling module xil_defaultlib.PipelineDeliver(WIDTH=32)
Compiling module xil_defaultlib.IFID
Compiling module xil_defaultlib.RegGen
Compiling module xil_defaultlib.FunctGen
Compiling module xil_defaultlib.OperandGen
Compiling module xil_defaultlib.BranchGen
Compiling module xil_defaultlib.MemGen
Compiling module xil_defaultlib.ID
Compiling module xil_defaultlib.PipelineDeliver
Compiling module xil_defaultlib.PipelineDeliver(WIDTH=6)
Compiling module xil_defaultlib.PipelineDeliver(WIDTH=5)
Compiling module xil_defaultlib.PipelineDeliver(WIDTH=4)
Compiling module xil_defaultlib.IDEX
Compiling module xil_defaultlib.Mux
Compiling module xil_defaultlib.Adder
Compiling module xil_defaultlib.Done_gate
Compiling module xil_defaultlib.full_adder
Compiling module xil_defaultlib.rca_default
Compiling module xil_defaultlib.Multiplier_default
Compiling module xil_defaultlib.cas
Compiling module xil_defaultlib.cas_row_default
Compiling module xil_defaultlib.Divider_default
Compiling module xil_defaultlib.Logic
Compiling module xil_defaultlib.Hilo_Gen
Compiling module xil_defaultlib.EX
Compiling module xil_defaultlib.EXMEM
Compiling module xil_defaultlib.MEM
Compiling module xil_defaultlib.MEMWB
Compiling module xil_defaultlib.WB
Compiling module xil_defaultlib.RegFile
Compiling module xil_defaultlib.RegReadProxy
Compiling module xil_defaultlib.HILO
Compiling module xil_defaultlib.HILOReadProxy
Compiling module xil_defaultlib.PipelineController
Compiling module xil_defaultlib.Core
Compiling module xil_defaultlib.Mycpu_top
Compiling module xil_defaultlib.testbench
Compiling module xil_defaultlib.glbl
Built simulation snapshot testbench_behav
run_program: Time (s): cpu = 00:00:00 ; elapsed = 00:00:06 . Memory (MB): peak = 878.992 ; gain = 0.000
INFO: [USF-XSim-69] 'elaborate' step finished in '7' seconds
INFO: [USF-XSim-4] XSim::Simulate design
INFO: [USF-XSim-61] Executing 'SIMULATE' step in 'D:/Grade3/myCPU1/CPUfpga.sim/sim_1/behav/xsim'
INFO: [USF-XSim-98] *** Running xsim
   with args "testbench_behav -key {Behavioral:sim_1:Functional:testbench} -tclbatch {testbench.tcl} -view {D:/Grade3/myCPU1/CPUfpga.sim/sim_1/behav/testbench_behav.wcfg} -log {simulate.log}"
INFO: [USF-XSim-8] Loading simulator feature
Vivado Simulator 2019.1
Time resolution is 1 ps
open_wave_config D:/Grade3/myCPU1/CPUfpga.sim/sim_1/behav/testbench_behav.wcfg
source testbench.tcl
# set curr_wave [current_wave_config]
# if { [string length $curr_wave] == 0 } {
#   if { [llength [get_objects]] > 0} {
#     add_wave /
#     set_property needs_save false [current_wave_config]
#   } else {
#      send_msg_id Add_Wave-1 WARNING "No top level signals found. Simulator will start without a wave window. If you want to open a wave window go to 'File->New Waveform Configuration' or type 'create_wave_config' in the TCL console."
#   }
# }
# run 1000ns
INFO: [Common 17-41] Interrupt caught. Command should exit soon.
run: Time (s): cpu = 00:00:03 ; elapsed = 00:00:29 . Memory (MB): peak = 952.941 ; gain = 25.539
INFO: [Common 17-344] 'run' was cancelled
INFO: [Common 17-344] 'source' was cancelled
xsim: Time (s): cpu = 00:00:04 ; elapsed = 00:00:33 . Memory (MB): peak = 952.941 ; gain = 73.949
INFO: [Common 17-344] 'xsim' was cancelled
INFO: [Vivado 12-5357] 'simulate' step aborted
launch_simulation: Time (s): cpu = 00:00:05 ; elapsed = 00:00:45 . Memory (MB): peak = 952.941 ; gain = 73.949
INFO: [Common 17-344] 'launch_simulation' was cancelled
update_compile_order -fileset sources_1
ERROR: [Labtoolstcl 44-513] HW Target shutdown. Closing target: localhost:3121/xilinx_tcf/Xilinx/1234-tulA
disconnect_hw_server localhost:3121
connect_hw_server
INFO: [Labtools 27-2285] Connecting to hw_server url TCP:localhost:3121
ERROR: [Labtoolstcl 44-494] There is no active target available for server at localhost.
 Targets(s) ", jsn-tul.-1234-tulA" may be locked by another hw_server.
disconnect_hw_server localhost:3121
connect_hw_server
INFO: [Labtools 27-2285] Connecting to hw_server url TCP:localhost:3121
ERROR: [Labtoolstcl 44-494] There is no active target available for server at localhost.
 Targets(s) ", jsn-tul.-1234-tulA" may be locked by another hw_server.
disconnect_hw_server localhost:3121
connect_hw_server
INFO: [Labtools 27-2285] Connecting to hw_server url TCP:localhost:3121
ERROR: [Labtoolstcl 44-494] There is no active target available for server at localhost.
 Targets(s) ", jsn-tul.-1234-tulA" may be locked by another hw_server.
disconnect_hw_server localhost:3121
connect_hw_server
INFO: [Labtools 27-2285] Connecting to hw_server url TCP:localhost:3121
ERROR: [Labtoolstcl 44-494] There is no active target available for server at localhost.
 Targets(s) ", jsn-tul.-1234-tulA" may be locked by another hw_server.
disconnect_hw_server localhost:3121
connect_hw_server
INFO: [Labtools 27-2285] Connecting to hw_server url TCP:localhost:3121
ERROR: [Labtoolstcl 44-494] There is no active target available for server at localhost.
 Targets(s) ", jsn-tul.-1234-tulA" may be locked by another hw_server.
disconnect_hw_server localhost:3121
connect_hw_server
INFO: [Labtools 27-2285] Connecting to hw_server url TCP:localhost:3121
connect_hw_server: Time (s): cpu = 00:00:00 ; elapsed = 00:00:08 . Memory (MB): peak = 1704.238 ; gain = 0.000
open_hw_target
INFO: [Labtoolstcl 44-466] Opening hw_target localhost:3121/xilinx_tcf/Xilinx/1234-tulA
set_property PROGRAM.FILE {D:/Grade3/myCPU1/CPUfpga.runs/impl_1/Mycpu_top.bit} [get_hw_devices xc7a35t_0]
current_hw_device [get_hw_devices xc7a35t_0]
refresh_hw_device -update_hw_probes false [lindex [get_hw_devices xc7a35t_0] 0]
INFO: [Labtools 27-1434] Device xc7a35t (JTAG device index = 0) is programmed with a design that has no supported debug core(s) in it.
set_property PROBES.FILE {} [get_hw_devices xc7a35t_0]
set_property FULL_PROBES.FILE {} [get_hw_devices xc7a35t_0]
set_property PROGRAM.FILE {D:/Grade3/myCPU1/CPUfpga.runs/impl_1/Mycpu_top.bit} [get_hw_devices xc7a35t_0]
program_hw_devices [get_hw_devices xc7a35t_0]
INFO: [Labtools 27-3164] End of startup status: HIGH
refresh_hw_device [lindex [get_hw_devices xc7a35t_0] 0]
INFO: [Labtools 27-1434] Device xc7a35t (JTAG device index = 0) is programmed with a design that has no supported debug core(s) in it.
ERROR: [Labtoolstcl 44-513] HW Target shutdown. Closing target: localhost:3121/xilinx_tcf/Xilinx/1234-tulA
close_sim
INFO: [Simtcl 6-16] Simulation closed
close_sim: Time (s): cpu = 00:00:01 ; elapsed = 00:00:07 . Memory (MB): peak = 2336.504 ; gain = 5.816
exit
INFO: [Common 17-206] Exiting Vivado at Tue Dec  9 14:50:35 2025...
