#-----------------------------------------------------------
# Vivado v2019.1 (64-bit)
# SW Build 2552052 on Fri May 24 14:49:42 MDT 2019
# IP Build 2548770 on Fri May 24 18:01:18 MDT 2019
# Start of session at: Mon Dec  8 23:56:05 2025
# Process ID: 29248
# Current directory: D:/Grade3/myCPU1
# Command line: vivado.exe -gui_launcher_event rodinguilauncherevent7088 D:\Grade3\myCPU1\CPUfpga.xpr
# Log file: D:/Grade3/myCPU1/vivado.log
# Journal file: D:/Grade3/myCPU1\vivado.jou
#-----------------------------------------------------------
start_gui
open_project D:/Grade3/myCPU1/CPUfpga.xpr
INFO: [Project 1-313] Project file moved from 'D:/Grade3/myCPU' since last save.
Scanning sources...
Finished scanning sources
INFO: [IP_Flow 19-234] Refreshing IP repositories
INFO: [IP_Flow 19-1704] No user IP repositories specified
INFO: [IP_Flow 19-2313] Loaded Vivado IP repository 'D:/Vivadograde3/Vivado/2019.1/data/ip'.
open_project: Time (s): cpu = 00:00:05 ; elapsed = 00:00:05 . Memory (MB): peak = 892.484 ; gain = 226.738
update_compile_order -fileset sources_1
exit
INFO: [Common 17-206] Exiting Vivado at Tue Dec  9 02:04:22 2025...
