Vivado Simulator 2019.1
Copyright 1986-1999, 2001-2019 Xilinx, Inc. All Rights Reserved.
Running: D:/vivado129/Vivado/2019.1/bin/unwrapped/win64.o/xelab.exe -wto 9c825680f0e8435bb22812ec989472e6 --incr --debug typical --relax --mt 2 -L xil_defaultlib -L unisims_ver -L unimacro_ver -L secureip --snapshot testbench_behav xil_defaultlib.testbench xil_defaultlib.glbl -log elaborate.log 
Using 2 slave threads.
WARNING: [XSIM 43-3431] One or more environment variables have been detected which affect the operation of the C compiler. These are typically not set in standard installations and are not tested by Xilinx, however they may be appropriate for your system, so the flow will attempt to continue.  If errors occur, try running xelab with the "-mt off -v 1" switches to see more information from the C compiler. The following environment variables have been detected:
Starting static elaboration
Completed static elaboration
Starting simulation data flow analysis
Completed simulation data flow analysis
Time Resolution for simulation is 1ps
Compiling module xil_defaultlib.ROM
Compiling module xil_defaultlib.RAM
Compiling module xil_defaultlib.PC
Compiling module xil_defaultlib.PipelineDeliver(WIDTH=32)
Compiling module xil_defaultlib.IFID
Compiling module xil_defaultlib.RegGen
Compiling module xil_defaultlib.FunctGen
Compiling module xil_defaultlib.OperandGen
Compiling module xil_defaultlib.BranchGen
Compiling module xil_defaultlib.MemGen
Compiling module xil_defaultlib.ID
Compiling module xil_defaultlib.PipelineDeliver
Compiling module xil_defaultlib.PipelineDeliver(WIDTH=6)
Compiling module xil_defaultlib.PipelineDeliver(WIDTH=5)
Compiling module xil_defaultlib.PipelineDeliver(WIDTH=4)
Compiling module xil_defaultlib.IDEX
Compiling module xil_defaultlib.Mux
Compiling module xil_defaultlib.Adder
Compiling module xil_defaultlib.Done_gate
Compiling module xil_defaultlib.full_adder
Compiling module xil_defaultlib.rca_default
Compiling module xil_defaultlib.Multiplier_default
Compiling module xil_defaultlib.cas
Compiling module xil_defaultlib.cas_row_default
Compiling module xil_defaultlib.Divider_default
Compiling module xil_defaultlib.Logic
Compiling module xil_defaultlib.Hilo_Gen
Compiling module xil_defaultlib.EX
Compiling module xil_defaultlib.EXMEM
Compiling module xil_defaultlib.MEM
Compiling module xil_defaultlib.MEMWB
Compiling module xil_defaultlib.WB
Compiling module xil_defaultlib.RegFile
Compiling module xil_defaultlib.RegReadProxy
Compiling module xil_defaultlib.HILO
Compiling module xil_defaultlib.HILOReadProxy
Compiling module xil_defaultlib.PipelineController
Compiling module xil_defaultlib.Core
Compiling module xil_defaultlib.Mycpu_top
Compiling module xil_defaultlib.testbench
Compiling module xil_defaultlib.glbl
Built simulation snapshot testbench_behav
